
> notia@1.2.0 build:webapp
> cross-env NODE_OPTIONS=--max-old-space-size=2048 tsc && cross-env VITE_PLATFORM=webapp vite build


?? [Notia Build] Mode: production, isTauri: false, Script: build:webapp

[36mvite v6.4.1 [32mbuilding for production...[36m[39m
transforming...
[32m??[39m 6553 modules transformed.
rendering chunks...
computing gzip size...
[2mdist/[22m[32mmanifest.webmanifest                          [39m[1m[2m    0.30 kB[22m[1m[22m
[2mdist/[22m[32massets/activityCalculator.worker-Cj56Wm8M.js  [39m[1m[2m    1.03 kB[22m[1m[22m
[2mdist/[22m[32mindex.html                                    [39m[1m[2m    5.73 kB[22m[1m[22m[2m ??gzip:   2.09 kB[22m
[2mdist/[22m[32massets/Logo-CNK6l7Mr.png                      [39m[1m[2m  105.28 kB[22m[1m[22m
[2mdist/[22m[35massets/main-5Lrit-d4.css                      [39m[1m[2m   84.23 kB[22m[1m[22m[2m ??gzip:  14.53 kB[22m
[2mdist/[22m[36massets/slugify-zcGaDxEP.js                    [39m[1m[2m    0.20 kB[22m[1m[22m[2m ??gzip:   0.16 kB[22m
[2mdist/[22m[36massets/obsidianLinks-CeMTe2vL.js              [39m[1m[2m    0.79 kB[22m[1m[22m[2m ??gzip:   0.47 kB[22m
[2mdist/[22m[36massets/usePageShortcuts-CJiAwx0u.js           [39m[1m[2m    0.90 kB[22m[1m[22m[2m ??gzip:   0.52 kB[22m
[2mdist/[22m[36massets/NotFoundPage-DZm2NkPy.js               [39m[1m[2m    1.02 kB[22m[1m[22m[2m ??gzip:   0.63 kB[22m
[2mdist/[22m[36massets/textarea-BCNKLqbt.js                   [39m[1m[2m    1.03 kB[22m[1m[22m[2m ??gzip:   0.59 kB[22m
[2mdist/[22m[36massets/GlobalError-DkeY_mEp.js                [39m[1m[2m    1.22 kB[22m[1m[22m[2m ??gzip:   0.71 kB[22m
[2mdist/[22m[36massets/Footer-DQemvKJ8.js                     [39m[1m[2m    1.28 kB[22m[1m[22m[2m ??gzip:   0.68 kB[22m
[2mdist/[22m[36massets/badge-CY09MMgd.js                      [39m[1m[2m    1.34 kB[22m[1m[22m[2m ??gzip:   0.66 kB[22m
[2mdist/[22m[36massets/switch-BlrOFwCS.js                     [39m[1m[2m    1.49 kB[22m[1m[22m[2m ??gzip:   0.74 kB[22m
[2mdist/[22m[36massets/scroll-area--4j1U6vH.js                [39m[1m[2m    1.55 kB[22m[1m[22m[2m ??gzip:   0.73 kB[22m
[2mdist/[22m[36massets/card-DT1smFuu.js                       [39m[1m[2m    1.75 kB[22m[1m[22m[2m ??gzip:   0.64 kB[22m
[2mdist/[22m[36massets/TrashView-v6KlwJfk.js                  [39m[1m[2m    1.75 kB[22m[1m[22m[2m ??gzip:   0.87 kB[22m
[2mdist/[22m[36massets/tabs-DU73ULUB.js                       [39m[1m[2m    1.77 kB[22m[1m[22m[2m ??gzip:   0.74 kB[22m
[2mdist/[22m[36massets/accordion-BM7OYnyI.js                  [39m[1m[2m    1.82 kB[22m[1m[22m[2m ??gzip:   0.85 kB[22m
[2mdist/[22m[36massets/MermaidComponent-KPbJbeHV.js           [39m[1m[2m    2.28 kB[22m[1m[22m[2m ??gzip:   1.21 kB[22m
[2mdist/[22m[36massets/dialog-DnQuxGLz.js                     [39m[1m[2m    3.08 kB[22m[1m[22m[2m ??gzip:   1.21 kB[22m
[2mdist/[22m[36massets/Login-DQ91fKDY.js                      [39m[1m[2m    3.54 kB[22m[1m[22m[2m ??gzip:   1.58 kB[22m
[2mdist/[22m[36massets/ChangelogPage-BZUe7rni.js              [39m[1m[2m    3.84 kB[22m[1m[22m[2m ??gzip:   1.47 kB[22m
[2mdist/[22m[36massets/LandingEditor-BGsSafl4.js              [39m[1m[2m    4.68 kB[22m[1m[22m[2m ??gzip:   1.74 kB[22m
[2mdist/[22m[36massets/Calendar-DNPTVNSq.js                   [39m[1m[2m    6.00 kB[22m[1m[22m[2m ??gzip:   2.47 kB[22m
[2mdist/[22m[36massets/TimelineView-BnLOePeF.js               [39m[1m[2m    6.34 kB[22m[1m[22m[2m ??gzip:   2.31 kB[22m
[2mdist/[22m[36massets/MarkdownPreview-DkE7oXjR.js            [39m[1m[2m    6.45 kB[22m[1m[22m[2m ??gzip:   2.68 kB[22m
[2mdist/[22m[36massets/Download-C7N21oxP.js                   [39m[1m[2m    8.16 kB[22m[1m[22m[2m ??gzip:   3.46 kB[22m
[2mdist/[22m[36massets/Reminder-9ar8vDTR.js                   [39m[1m[2m   10.55 kB[22m[1m[22m[2m ??gzip:   3.51 kB[22m
[2mdist/[22m[36massets/HelpPage-FAkKVL7X.js                   [39m[1m[2m   11.76 kB[22m[1m[22m[2m ??gzip:   4.32 kB[22m
[2mdist/[22m[36massets/TermsAgreement-BQ9J6e36.js             [39m[1m[2m   12.60 kB[22m[1m[22m[2m ??gzip:   5.33 kB[22m
[2mdist/[22m[36massets/Home-B8qvBiKF.js                       [39m[1m[2m   14.78 kB[22m[1m[22m[2m ??gzip:   4.68 kB[22m
[2mdist/[22m[36massets/changeLog-Bp4mCYKa.js                  [39m[1m[2m   15.28 kB[22m[1m[22m[2m ??gzip:   5.40 kB[22m
[2mdist/[22m[36massets/useNotificationPermission-V93ACjLM.js  [39m[1m[2m   15.34 kB[22m[1m[22m[2m ??gzip:   5.51 kB[22m
[2mdist/[22m[36massets/NoteList-tF3XJ1OR.js                   [39m[1m[2m   23.45 kB[22m[1m[22m[2m ??gzip:   8.05 kB[22m
[2mdist/[22m[36massets/MyPage-7SBOv47r.js                     [39m[1m[2m   35.32 kB[22m[1m[22m[2m ??gzip:  10.87 kB[22m
[2mdist/[22m[36massets/Editor-BKtUkg9x.js                     [39m[1m[2m   39.51 kB[22m[1m[22m[2m ??gzip:  13.49 kB[22m
[2mdist/[22m[36massets/Index-Drl5tuAi.js                      [39m[1m[2m   42.87 kB[22m[1m[22m[2m ??gzip:  12.58 kB[22m
[2mdist/[22m[36massets/vendor-icons-7b4LNCIp.js               [39m[1m[2m   51.80 kB[22m[1m[22m[2m ??gzip:  12.35 kB[22m
[2mdist/[22m[36massets/main-C1JrohHC.js                       [39m[1m[2m   98.52 kB[22m[1m[22m[2m ??gzip:  28.62 kB[22m
[2mdist/[22m[36massets/vendor-supabase-DTEXBf0z.js            [39m[1m[2m  121.53 kB[22m[1m[22m[2m ??gzip:  32.40 kB[22m
[2mdist/[22m[36massets/vendor-ui-BoEPohwi.js                  [39m[1m[2m  358.99 kB[22m[1m[22m[2m ??gzip: 108.65 kB[22m
[2mdist/[22m[36massets/vendor-react-DiI5oxOv.js               [39m[1m[33m  864.82 kB[39m[22m[2m ??gzip: 171.30 kB[22m
[2mdist/[22m[36massets/vendor-codemirror-CO-3ResP.js          [39m[1m[33m1,708.21 kB[39m[22m[2m ??gzip: 586.69 kB[22m
[2mdist/[22m[36massets/vendor-B06BSf7C.js                     [39m[1m[33m2,972.42 kB[39m[22m[2m ??gzip: 866.53 kB[22m
[32m??built in 17.29s[39m
